Can't create layout image. Words went out of image boundaries