Can't create layout image. Can't create image with negative width or height